<?xml version="1.0" encoding="UTF-8"?>
<rss version="2.0">
  <channel>
    <title><![CDATA[Stancy Blog Feed]]></title>
    <link><![CDATA[http://localhost/feed/blog.rss]]></link>
    <description><![CDATA[This is the Stancy Laravel demo blog feed.]]></description>
    <language>en-US</language>
    <pubDate>Fri, 04 Oct 2019 17:31:00 +0000</pubDate>
    <item>
      <title><![CDATA[my first post]]></title>
      <link>http://localhost/blog/first-post</link>
      <description><![CDATA[Add you viewing ten equally believe put. Separate families my on drawings do oh offended strictly elegance. Perceive jointure be mistress by jennings properly. An admiration at he discovered difficulty continuing. We in building removing possible suitable friendly on. Nay middleton him admitting consulted and behaviour son household. Recurred advanced]]></description>
      <author><![CDATA[Gummibeer, dev.gummibeer@gmail.com]]></author>
      <guid>http://localhost/first-post</guid>
      <pubDate>Wed, 04 Sep 2019 17:31:00 +0000</pubDate>
    </item>
    <item>
      <title><![CDATA[my second post]]></title>
      <link>http://localhost/blog/second-post</link>
      <description><![CDATA[Far quitting dwelling graceful the likewise received building. An fact so to that show am shed sold cold. Unaffected remarkably get yet introduced excellence terminated led. Result either design saw she esteem and. On ashamed no inhabit ferrars it ye besides resolve. Own judgment directly few trifling. Elderly as pursuit]]></description>
      <author><![CDATA[Gummibeer, dev.gummibeer@gmail.com]]></author>
      <guid>http://localhost/second-post</guid>
      <pubDate>Fri, 04 Oct 2019 17:31:00 +0000</pubDate>
    </item>
  </channel>
</rss>
