<!DOCTYPE html>
<html lang="en">
<head>
    <meta charset="utf-8">
    <meta name="viewport" content="width=device-width, initial-scale=1">

    <title>Stancy Laravel Demo</title>

    <link rel="stylesheet" href="https://cdnjs.cloudflare.com/ajax/libs/twitter-bootstrap/4.3.1/css/bootstrap.min.css">

    <link rel="alternate" type="application/atom+xml" href="http://localhost/feed/blog.atom" title="Stancy Blog Feed">
    <link rel="alternate" type="application/rss+xml" href="http://localhost/feed/blog.rss" title="Stancy Blog Feed">
    <link rel="sitemap" type="application/xml" href="http://localhost/sitemap.xml" title="Sitemap">
</head>
<body>

<div class="container">
    <nav class="navbar navbar-expand-lg navbar-light bg-light mb-3">
        <a class="navbar-brand" href="http://localhost">Stancy</a>
        <button class="navbar-toggler" type="button" data-toggle="collapse" data-target="#navbarSupportedContent" aria-controls="navbarSupportedContent" aria-expanded="false" aria-label="Toggle navigation">
            <span class="navbar-toggler-icon"></span>
        </button>

        <div class="collapse navbar-collapse" id="navbarSupportedContent">
            <ul class="navbar-nav mr-auto">
                <li class="nav-item">
                    <a class="nav-link" href="http://localhost">Home</a>
                </li>
                <li class="nav-item">
                    <a class="nav-link" href="http://localhost/blog">Blog</a>
                </li>
                <li class="nav-item">
                    <a class="nav-link" href="http://localhost/dogs">Dogs</a>
                </li>
            </ul>
        </div>
    </nav>

        <div class="row">
                    <div class="col-12 col-md-4 col-xl-3">
                <div class="card">
                    <img src="https://images.dog.ceo/breeds/husky/20180901_150234.jpg" class="card-img-top">
                    <div class="card-body">
                        <h3 class="card-title">husky</h3>
                    </div>
                </div>
            </div>
                    <div class="col-12 col-md-4 col-xl-3">
                <div class="card">
                    <img src="https://images.dog.ceo/breeds/bullterrier-staffordshire/caesar.jpg" class="card-img-top">
                    <div class="card-body">
                        <h3 class="card-title">bullterrier-staffordshire</h3>
                    </div>
                </div>
            </div>
                    <div class="col-12 col-md-4 col-xl-3">
                <div class="card">
                    <img src="https://images.dog.ceo/breeds/bulldog-french/n02108915_10204.jpg" class="card-img-top">
                    <div class="card-body">
                        <h3 class="card-title">bulldog-french</h3>
                    </div>
                </div>
            </div>
            </div>
</div>

</body>
</html>
